// Jest Snapshot v1, https://goo.gl/fbAQLP

exports[`Paginator should render a default paginator 1`] = `
<ResponsiveElement
  medium={
    <div
      className="paginator"
    >
      <PaginatorButton
        ariaDisabled={true}
        ariaLabel="Terra.paginator.first"
        className="nav-link left-controls is-disabled"
        onClick={[Function]}
        onKeyDown={[Function]}
        tabIndex={null}
      >
        Terra.paginator.first
      </PaginatorButton>
      <PaginatorButton
        ariaDisabled={true}
        ariaLabel="Terra.paginator.previous"
        className="nav-link left-controls previous is-disabled"
        onClick={[Function]}
        onKeyDown={[Function]}
        tabIndex={null}
      >
        <span
          className="icon"
        />
        Terra.paginator.previous
      </PaginatorButton>
      <PaginatorButton
        ariaCurrent={true}
        ariaLabel="Terra.paginator.pageIndex"
        className="nav-link is-selected"
        onClick={[Function]}
        onKeyDown={[Function]}
        tabIndex={null}
      >
        1
      </PaginatorButton>
      <PaginatorButton
        ariaCurrent={false}
        ariaLabel="Terra.paginator.pageIndex"
        className="nav-link"
        onClick={[Function]}
        onKeyDown={[Function]}
        tabIndex="0"
      >
        2
      </PaginatorButton>
      <PaginatorButton
        ariaCurrent={false}
        ariaLabel="Terra.paginator.pageIndex"
        className="nav-link"
        onClick={[Function]}
        onKeyDown={[Function]}
        tabIndex="0"
      >
        3
      </PaginatorButton>
      <PaginatorButton
        ariaCurrent={false}
        ariaLabel="Terra.paginator.pageIndex"
        className="nav-link"
        onClick={[Function]}
        onKeyDown={[Function]}
        tabIndex="0"
      >
        4
      </PaginatorButton>
      <PaginatorButton
        ariaCurrent={false}
        ariaLabel="Terra.paginator.pageIndex"
        className="nav-link"
        onClick={[Function]}
        onKeyDown={[Function]}
        tabIndex="0"
      >
        5
      </PaginatorButton>
      <PaginatorButton
        ariaCurrent={false}
        ariaLabel="Terra.paginator.pageIndex"
        className="nav-link"
        onClick={[Function]}
        onKeyDown={[Function]}
        tabIndex="0"
      >
        6
      </PaginatorButton>
      <PaginatorButton
        ariaCurrent={false}
        ariaLabel="Terra.paginator.pageIndex"
        className="nav-link"
        onClick={[Function]}
        onKeyDown={[Function]}
        tabIndex="0"
      >
        7
      </PaginatorButton>
      <PaginatorButton
        ariaCurrent={false}
        ariaLabel="Terra.paginator.pageIndex"
        className="nav-link"
        onClick={[Function]}
        onKeyDown={[Function]}
        tabIndex="0"
      >
        8
      </PaginatorButton>
      <PaginatorButton
        ariaCurrent={false}
        ariaLabel="Terra.paginator.pageIndex"
        className="nav-link"
        onClick={[Function]}
        onKeyDown={[Function]}
        tabIndex="0"
      >
        9
      </PaginatorButton>
      <PaginatorButton
        ariaCurrent={false}
        ariaLabel="Terra.paginator.pageIndex"
        className="nav-link"
        onClick={[Function]}
        onKeyDown={[Function]}
        tabIndex="0"
      >
        10
      </PaginatorButton>
      <PaginatorButton
        ariaDisabled={false}
        ariaLabel="Terra.paginator.next"
        className="nav-link right-controls next"
        onClick={[Function]}
        onKeyDown={[Function]}
        tabIndex="0"
      >
        Terra.paginator.next
        <span
          className="icon"
        />
      </PaginatorButton>
      <PaginatorButton
        ariaDisabled={false}
        ariaLabel="Terra.paginator.last"
        className="nav-link right-controls"
        onClick={[Function]}
        onKeyDown={[Function]}
        tabIndex="0"
      >
        Terra.paginator.last
      </PaginatorButton>
    </div>
  }
  responsiveTo="parent"
  tiny={
    <div
      aria-label="pagination"
      className="paginator"
      role="navigation"
    >
      <PaginatorButton
        ariaDisabled={true}
        ariaLabel="Terra.paginator.first"
        className="nav-link left-controls is-disabled"
        onClick={[Function]}
        onKeyDown={[Function]}
        tabIndex={null}
      >
        Terra.paginator.first
      </PaginatorButton>
      <PaginatorButton
        ariaDisabled={true}
        ariaLabel="Terra.paginator.previous"
        className="nav-link left-controls previous icon-only is-disabled"
        onClick={[Function]}
        onKeyDown={[Function]}
        tabIndex={null}
      >
        <VisuallyHiddenText
          text="Terra.paginator.previous"
        />
        <span
          className="icon"
        />
      </PaginatorButton>
      Terra.paginator.pageIndex
      <PaginatorButton
        ariaDisabled={false}
        ariaLabel="Terra.paginator.next"
        className="nav-link right-controls next icon-only"
        onClick={[Function]}
        onKeyDown={[Function]}
        tabIndex="0"
      >
        <VisuallyHiddenText
          text="Terra.paginator.next"
        />
        <span
          className="icon"
        />
      </PaginatorButton>
      <PaginatorButton
        ariaDisabled={false}
        ariaLabel="Terra.paginator.last"
        className="nav-link right-controls"
        onClick={[Function]}
        onKeyDown={[Function]}
        tabIndex="0"
      >
        Terra.paginator.last
      </PaginatorButton>
    </div>
  }
/>
`;

exports[`Paginator should render a paginator without page links 1`] = `
<ResponsiveElement
  medium={
    <div
      className="paginator pageless"
    >
      <PaginatorButton
        ariaDisabled={false}
        ariaLabel="Terra.paginator.previous"
        className="nav-link left-controls previous"
        onClick={[Function]}
        onKeyDown={[Function]}
        tabIndex="0"
      >
        <span
          className="icon"
        />
        Terra.paginator.previous
      </PaginatorButton>
      <PaginatorButton
        ariaDisabled={false}
        ariaLabel="Terra.paginator.next"
        className="nav-link right-controls next"
        onClick={[Function]}
        onKeyDown={[Function]}
        tabIndex="0"
      >
        Terra.paginator.next
        <span
          className="icon"
        />
      </PaginatorButton>
    </div>
  }
  responsiveTo="parent"
  tiny={
    <div
      aria-label="pagination"
      className="paginator pageless"
      role="navigation"
    >
      <PaginatorButton
        ariaDisabled={false}
        ariaLabel="Terra.paginator.previous"
        className="nav-link left-controls previous icon-only"
        onClick={[Function]}
        onKeyDown={[Function]}
        tabIndex="0"
      >
        <VisuallyHiddenText
          text="Terra.paginator.previous"
        />
        <span
          className="icon"
        />
      </PaginatorButton>
      <PaginatorButton
        ariaDisabled={false}
        ariaLabel="Terra.paginator.next"
        className="nav-link right-controls next icon-only"
        onClick={[Function]}
        onKeyDown={[Function]}
        tabIndex="0"
      >
        <VisuallyHiddenText
          text="Terra.paginator.next"
        />
        <span
          className="icon"
        />
      </PaginatorButton>
    </div>
  }
/>
`;
